// Vitest Snapshot v1, https://vitest.dev/guide/snapshot.html

exports[`Spinner component > matches snapshot 1`] = `
<DocumentFragment>
  <div
    class="flex justify-center items-center"
  >
    <div
      class="w-6 h-6 border-4 border-blue-500 border-t-transparent rounded-full animate-spin"
    />
  </div>
</DocumentFragment>
`;
