// Vitest Snapshot v1, https://vitest.dev/guide/snapshot.html

exports[`CommentList > matches snapshot 1`] = `
<DocumentFragment>
  <div
    class="flex-1 overflow-y-auto space-y-4"
  >
    <div>
      comment 1
    </div>
    <div>
      comment 2
    </div>
  </div>
</DocumentFragment>
`;
