// Vitest Snapshot v1, https://vitest.dev/guide/snapshot.html

exports[`CommentForm > matches snapshot 1`] = `
<DocumentFragment>
  <form
    class="flex gap-2"
  >
    <input
      class="flex-1 p-2 border rounded-lg text-sm"
      placeholder="Write a comment..."
      type="text"
      value=""
    />
    <button
      class="bg-blue-500 text-white px-2 py-2 rounded-lg text-sm hover:bg-blue-600"
      type="submit"
    >
      <svg
        class="size-5"
        fill="none"
        stroke="currentColor"
        stroke-width="1.5"
        viewBox="0 0 24 24"
        xmlns="http://www.w3.org/2000/svg"
      >
        <path
          d="M6 12 3.269 3.125A59.769 59.769 0 0 1 21.485 12 59.768 59.768 0 0 1 3.27 20.875L5.999 12Zm0 0h7.5"
          stroke-linecap="round"
          stroke-linejoin="round"
        />
      </svg>
    </button>
  </form>
</DocumentFragment>
`;
