// Vitest Snapshot v1, https://vitest.dev/guide/snapshot.html

exports[`EditActivityForm > matches snapshot 1`] = `
<DocumentFragment>
  <div
    class="h-[calc(100vh-4rem)] flex items-center justify-center px-4 py-10"
  >
    <div
      class="w-full max-w-xl bg-white p-8 rounded-xl shadow-lg"
    >
      <h1
        class="text-3xl font-bold text-gray-600 mb-4"
      >
        Edit Activity
      </h1>
      <form
        class="space-y-3"
      >
        <div>
          <label
            class="block text-zinc-700 font-medium mb-1"
            for="name"
          >
            Activity Name
          </label>
          <input
            class="w-full py-1 px-3 border border-stone-300 rounded-md focus:outline-none focus:ring-2 focus:ring-emerald-500"
            id="name"
            name="name"
            required=""
            type="text"
            value="Kayaking"
          />
        </div>
        <div>
          <label
            class="block text-zinc-700 font-medium mb-1"
            for="category"
          >
            Category
          </label>
          <select
            class="w-full py-1 px-3 border border-stone-300 rounded-md focus:outline-none focus:ring-2 focus:ring-emerald-500"
            id="category"
            name="category"
            required=""
          >
            <option
              value="food"
            >
              Food
            </option>
            <option
              value="hiking"
            >
              Hiking
            </option>
            <option
              value="tours"
            >
              Tours
            </option>
            <option
              value="shopping"
            >
              Shopping
            </option>
            <option
              value="adventure"
            >
              Adventure
            </option>
            <option
              value="outdoors"
            >
              Outdoors
            </option>
            <option
              value="other"
            >
              Other
            </option>
          </select>
        </div>
        <div>
          <label
            class="block text-zinc-700 font-medium mb-1"
            for="location"
          >
            Location
          </label>
          <input
            class="w-full py-1 px-3 border border-stone-300 rounded-md focus:outline-none focus:ring-2 focus:ring-emerald-500"
            id="location"
            name="location"
            type="text"
            value="Chicago"
          />
        </div>
        <div>
          <label
            class="block text-zinc-700 font-medium mb-1"
            for="description"
          >
            Description
          </label>
          <textarea
            class="w-full py-1 px-3 border border-stone-300 rounded-md focus:outline-none focus:ring-2 focus:ring-emerald-500"
            id="description"
            name="description"
          >
            So much fun
          </textarea>
        </div>
        <div>
          <label
            class="block text-zinc-700 font-medium mb-1"
            for="scheduledTime"
          >
            Scheduled Time
          </label>
          <input
            class="w-full py-1 px-3 border border-stone-300 rounded-md focus:outline-none focus:ring-2 focus:ring-emerald-500"
            id="scheduledTime"
            name="scheduledTime"
            type="datetime-local"
            value="2025-07-10"
          />
        </div>
        <div
          class="flex space-x-4"
        >
          <button
            class="w-full bg-blue-500 text-white py-2 rounded-lg hover:bg-blue-600 transition"
            type="submit"
          >
            Save Changes
          </button>
          <button
            class="w-full bg-gray-400 text-white py-2 rounded-lg hover:bg-gray-500 transition"
            type="button"
          >
            Cancel
          </button>
        </div>
        <button
          class="w-full bg-red-500 text-white py-2 rounded-lg hover:bg-red-600 transition"
          type="button"
        >
          Delete Activity
        </button>
      </form>
    </div>
  </div>
</DocumentFragment>
`;
