// Vitest Snapshot v1, https://vitest.dev/guide/snapshot.html

exports[`EditTripForm > matches snapshot 1`] = `
<DocumentFragment>
  <div
    class="h-[calc(100vh-4rem)] flex items-center justify-center px-4 py-10"
  >
    <div
      class="w-full max-w-xl bg-white p-8 rounded-xl shadow-lg"
    >
      <h1
        class="text-3xl font-bold text-gray-600 mb-4"
      >
        Edit Trip
      </h1>
      <form
        class="space-y-3"
      >
        <div>
          <label
            class="block text-zinc-700 font-medium mb-1"
            for="title"
          >
            Trip Title
          </label>
          <input
            class="w-full py-1 px-3 border border-stone-300 rounded-md focus:outline-none focus:ring-2 focus:ring-emerald-500"
            id="title"
            name="title"
            required=""
            type="text"
            value="Test Trip"
          />
        </div>
        <div>
          <label
            class="block text-zinc-700 font-medium mb-1"
            for="destination"
          >
            Destination
          </label>
          <input
            class="w-full py-1 px-3 border border-stone-300 rounded-md focus:outline-none focus:ring-2 focus:ring-emerald-500"
            id="destination"
            name="destination"
            required=""
            type="text"
            value="Tokyo"
          />
        </div>
        <div>
          <label
            class="block text-zinc-700 font-medium mb-1"
            for="radius"
          >
            Radius (miles/km)
          </label>
          <input
            class="w-full py-1 px-3 border border-stone-300 rounded-md focus:outline-none focus:ring-2 focus:ring-emerald-500"
            id="radius"
            min="1"
            name="radius"
            required=""
            type="number"
            value="25"
          />
        </div>
        <div>
          <label
            class="block text-zinc-700 font-medium mb-1"
            for="startDate"
          >
            Start Date
          </label>
          <input
            class="w-full py-1 px-3 border border-stone-300 rounded-md focus:outline-none focus:ring-2 focus:ring-emerald-500"
            id="startDate"
            name="startDate"
            type="date"
            value="2025-07-01"
          />
        </div>
        <div>
          <label
            class="block text-zinc-700 font-medium mb-1"
            for="endDate"
          >
            End Date
          </label>
          <input
            class="w-full py-1 px-3 border border-stone-300 rounded-md focus:outline-none focus:ring-2 focus:ring-emerald-500"
            id="endDate"
            name="endDate"
            required=""
            type="date"
            value="2025-07-05"
          />
        </div>
        <div
          class="flex items-center space-x-2"
        >
          <input
            checked=""
            class="w-4 h-4 text-emerald-600 border-gray-300 rounded focus:ring-emerald-500"
            id="isPrivate"
            name="isPrivate"
            type="checkbox"
          />
          <label
            class="text-zinc-700"
            for="isPrivate"
          >
            Private Trip
          </label>
        </div>
        <div
          class="flex gap-4 pt-2"
        >
          <button
            class="w-full bg-blue-500 text-white py-2 rounded-lg hover:bg-blue-600 transition false"
            type="submit"
          >
            Save Changes
          </button>
          <button
            class="w-full bg-gray-400 text-white py-2 rounded-lg hover:bg-gray-500 transition"
            type="button"
          >
            Cancel
          </button>
        </div>
      </form>
    </div>
  </div>
</DocumentFragment>
`;
