// Vitest Snapshot v1, https://vitest.dev/guide/snapshot.html

exports[`TripDetails > matches snapshot 1`] = `
<DocumentFragment>
  <div
    class="space-y-2 text-gray-700"
  >
    <p>
      <strong>
        Destination:
      </strong>
       Chicago
    </p>
    <p>
      <strong>
        Privacy:
      </strong>
       Private
    </p>
  </div>
</DocumentFragment>
`;
